
> my-mortgage-calculator@1.0.0 build
> vite build

[36mvite v5.4.21 [32mbuilding for production...[36m[39m
transforming...
[32mΓ£ô[39m 37 modules transformed.
rendering chunks...
computing gzip size...
[2mdist/[22m[32mindex.html                 [39m[1m[2m  0.48 kB[22m[1m[22m[2m Γöé gzip:  0.31 kB[22m
[2mdist/[22m[35massets/index-7_bTmhFI.css  [39m[1m[2m  4.60 kB[22m[1m[22m[2m Γöé gzip:  1.44 kB[22m
[2mdist/[22m[36massets/index-DYnWknio.js   [39m[1m[2m151.20 kB[22m[1m[22m[2m Γöé gzip: 47.85 kB[22m
[32mΓ£ô built in 812ms[39m
